// Jest Snapshot v1, https://goo.gl/fbAQLP

exports[`Product test snapshot 1`] = `
<div
  className="col-sm-4 text-center card"
>
  <img
    className="card-img-top"
    src="test.jpg"
  />
  <div
    className="card-body"
  >
    <div
      className="card-title h5"
    >
      test
    </div>
    <p
      className="card-text"
    >
      Some quick example text to build on the card title and make up the bulk of the card's content.
    </p>
    <p
      className="card-text"
    >
      R$ 
      <strong />
    </p>
    <button
      className="btn btn-success"
      disabled={false}
      id="add"
      type="button"
    >
      <strong>
        +
      </strong>
    </button>
    <span
      id="subTotal"
    >
       0 
    </span>
    <button
      className="btn btn-danger"
      disabled={false}
      id="remove"
      type="button"
    >
      <strong>
        -
      </strong>
    </button>
  </div>
</div>
`;
